<html>
<body>
<pre>
<h1>µVision Build Log</h1>
<h2>Tool Versions:</h2>
IDE-Version: ¦ÌVision V5.39.0.0
Copyright (C) 2023 ARM Ltd and ARM Germany GmbH. All rights reserved.
License Information: SRV,JHKUSD 2046138442@qq.com, WEGC, LIC=RC93N-YKRNX-JJM6S-LG9BX-HBEK6-CXEQS
 
Tool Versions:
Toolchain:       MDK-ARM Plus  Version: 5.39.0.0
Toolchain Path:  D:\UV4\ARM\ARMCLANG\Bin
C Compiler:      ArmClang.exe V6.21
Assembler:       Armasm.exe V6.21
Linker/Locator:  ArmLink.exe V6.21
Library Manager: ArmAr.exe V6.21
Hex Converter:   FromElf.exe V6.21
CPU DLL:         
Dialog DLL:      
Target DLL:      STLink\ST-LINKIII-KEIL_SWO.dll V3.2.0.0
Dialog DLL:      TCM.DLL V1.56.4.0
 
<h2>Project:</h2>
D:\HuaQ\watch_ToStu\watch_ToStu\demo_temp\demo_temp\MDK-ARM\FS-STM32U575-Total.uvprojx
Project File Date:  03/31/2026

<h2>Output:</h2>
*** Using Compiler 'V6.21', folder: 'D:\UV4\ARM\ARMCLANG\Bin'
Rebuild target 'FS-STM32U575-Total'
compiling bsp_sht20.c...
compiling bsp_ft6336.c...
assembling startup_stm32u575xx.s...
compiling gpdma.c...
compiling i2c.c...
compiling bsp_ap3216c.c...
compiling adc.c...
compiling gpio.c...
compiling crc.c...
compiling bsp_ili9341_4line.c...
compiling main.c...
../Core/Src/bsp_esp8266.c(471): warning: non-void function does not return a value [-Wreturn-type]
  471 | }
      | ^
1 warning generated.
compiling bsp_esp8266.c...
compiling bsp_ospi_w25q128.c...
compiling user_app.c...
compiling icache.c...
compiling octospi.c...
compiling rtc.c...
compiling spi.c...
compiling tim.c...
compiling usart.c...
compiling stm32u5xx_it.c...
compiling stm32u5xx_hal_msp.c...
compiling TouchGFXDMA.cpp...
compiling TouchGFXHAL.cpp...
compiling STM32TouchController.cpp...
compiling app_touchgfx.c...
compiling TouchGFXGPIO.cpp...
compiling OSWrappers.cpp...
compiling TouchGFXConfiguration.cpp...
compiling stm32u5xx_hal_adc_ex.c...
../TouchGFX/target/generated/TouchGFXGeneratedHAL.cpp(33): warning: unknown attribute 'zero_init' ignored [-Wunknown-attributes]
   33 |     uint32_t frameBuf[(320 * 240 * 2 + 3) / 4] LOCATION_ATTRIBUTE_NOLOAD("TouchGFX_Framebuffer");
      |                                                ^~~~~~~~~~~~~~~~~~~~~~~~~~~~~~~~~~~~~~~~~~~~~~~~~
../middlewares/st/touchgfx/framework/include\touchgfx/hal/Config.hpp(80): note: expanded from macro 'LOCATION_ATTRIBUTE_NOLOAD'
   80 | #define LOCATION_ATTRIBUTE_NOLOAD(name) __attribute__((section(name), zero_init)) __attribute__((aligned(4)))
      |                                                                       ^~~~~~~~~
1 warning generated.
compiling TouchGFXGeneratedHAL.cpp...
compiling stm32u5xx_hal_adc.c...
compiling stm32u5xx_hal_dma.c...
compiling stm32u5xx_hal.c...
compiling stm32u5xx_hal_dma_ex.c...
compiling stm32u5xx_hal_i2c_ex.c...
compiling stm32u5xx_hal_i2c.c...
compiling stm32u5xx_hal_rcc.c...
compiling stm32u5xx_hal_cortex.c...
compiling stm32u5xx_hal_flash.c...
compiling stm32u5xx_hal_rcc_ex.c...
compiling stm32u5xx_hal_flash_ex.c...
compiling stm32u5xx_hal_gpio.c...
compiling stm32u5xx_hal_exti.c...
compiling stm32u5xx_hal_pwr.c...
compiling stm32u5xx_hal_crc_ex.c...
compiling stm32u5xx_hal_icache.c...
compiling stm32u5xx_hal_gtzc.c...
compiling stm32u5xx_hal_crc.c...
compiling stm32u5xx_hal_pwr_ex.c...
compiling stm32u5xx_ll_dlyb.c...
compiling stm32u5xx_hal_ospi.c...
compiling stm32u5xx_hal_rtc.c...
compiling stm32u5xx_hal_rtc_ex.c...
compiling stm32u5xx_hal_spi.c...
compiling stm32u5xx_hal_spi_ex.c...
compiling stm32u5xx_hal_tim_ex.c...
compiling stm32u5xx_hal_uart_ex.c...
compiling stm32u5xx_hal_tim.c...
compiling system_stm32u5xx.c...
compiling stm32u5xx_hal_uart.c...
compiling BirdScreenPresenter.cpp...
compiling BirdScreenView.cpp...
compiling BreakoutScreenPresenter.cpp...
compiling BreakoutScreenView.cpp...
compiling DinoScreenPresenter.cpp...
compiling DinoScreenView.cpp...
compiling FrontendApplication.cpp...
compiling HomeScreenPresenter.cpp...
compiling HomeScreenView.cpp...
compiling ApplicationFontProvider.cpp...
compiling MenuScreen1Presenter.cpp...
compiling MenuScreen1View.cpp...
compiling Model.cpp...
compiling BitmapDatabase.cpp...
compiling CachedFont.cpp...
compiling BirdScreenViewBase.cpp...
compiling Font_simkai_16_4bpp_0.cpp...
compiling Font_cambriaz_40_4bpp_0.cpp...
compiling BreakoutScreenViewBase.cpp...
compiling Font_simkai_20_4bpp_0.cpp...
compiling Font_simkai_20_4bpp_10.cpp...
compiling Font_simkai_20_4bpp_11.cpp...
compiling DinoScreenViewBase.cpp...
compiling Font_simkai_20_4bpp_12.cpp...
compiling Font_simkai_20_4bpp_13.cpp...
compiling Font_simkai_20_4bpp_4.cpp...
compiling Font_simkai_26_4bpp_0.cpp...
compiling Font_simkai_26_4bpp_10.cpp...
compiling Font_simkai_26_4bpp_11.cpp...
compiling Font_simkai_26_4bpp_12.cpp...
compiling Font_simkai_26_4bpp_13.cpp...
compiling Font_simkai_26_4bpp_14.cpp...
compiling Font_simkai_26_4bpp_15.cpp...
compiling Font_simkai_26_4bpp_16.cpp...
compiling Font_simkai_26_4bpp_17.cpp...
compiling Font_simkai_26_4bpp_18.cpp...
compiling Font_simkai_26_4bpp_9.cpp...
compiling Font_verdana_10_4bpp_0.cpp...
compiling Font_verdana_20_4bpp_0.cpp...
compiling FontCache.cpp...
compiling GeneratedFont.cpp...
compiling image_Alipay-60x60.cpp...
compiling image_Alipay_pressed-60x60.cpp...
compiling FrontendApplicationBase.cpp...
compiling image_alternate_theme_images_widgets_button_icon_round_tiny_fill_normal.cpp...
compiling HomeScreenViewBase.cpp...
compiling image_alternate_theme_images_widgets_button_icon_round_tiny_fill_pressed.cpp...
compiling image_alternate_theme_images_widgets_button_icon_rounded_micro_outline_action.cpp...
compiling image_alternate_theme_images_widgets_button_icon_rounded_micro_outline_pressed.cpp...
compiling image_alternate_theme_images_widgets_button_regular_height_36_tiny_round_active.cpp...
compiling image_alternate_theme_images_widgets_button_regular_height_36_tiny_round_pressed.cpp...
compiling image_alternate_theme_images_widgets_button_regular_height_36_tiny_rounded_disabled.cpp...
compiling image_alternate_theme_images_widgets_button_icon_rounded_huge_outline_disabled.cpp...
compiling image_alternate_theme_images_widgets_button_icon_rounded_huge_outline_normal.cpp...
compiling image_alternate_theme_images_widgets_button_regular_height_50_medium_round_inactive.cpp...
compiling image_alternate_theme_images_widgets_button_regular_height_50_medium_rounded_normal.cpp...
compiling image_alternate_theme_images_widgets_button_regular_height_50_medium_rounded_pressed.cpp...
compiling image_alternate_theme_images_widgets_button_regular_height_50_tiny_rounded_action.cpp...
compiling image_alternate_theme_images_widgets_button_regular_height_50_tiny_rounded_active.cpp...
compiling image_alternate_theme_images_widgets_button_regular_height_50_tiny_rounded_pressed.cpp...
compiling image_alternate_theme_images_widgets_textprogress_backgrounds_rounded_light.cpp...
compiling image_ApplicationPage_image_6050.cpp...
compiling image_alternate_theme_images_widgets_textprogress_backgrounds_rounded_neutral.cpp...
compiling image_ApplicationPage_image_Battery.cpp...
compiling image_ApplicationPage_image_Buzzer.cpp...
compiling image_ApplicationPage_image_ChipInfo.cpp...
compiling image_ApplicationPage_image_Health.cpp...
compiling image_ApplicationPage_image_Motor.cpp...
compiling image_ApplicationPage_image_pressed_6050.cpp...
compiling image_ApplicationPage_image_pressed_Battery.cpp...
compiling image_ApplicationPage_image_pressed_Buzzer.cpp...
compiling image_ApplicationPage_image_pressed_Chip.cpp...
compiling image_ApplicationPage_image_pressed_Health.cpp...
compiling image_ApplicationPage_image_pressed_Motor.cpp...
compiling image_ApplicationPage_image_pressed_Temp.cpp...
compiling image_ApplicationPage_image_pressed_wifi.cpp...
compiling image_ApplicationPage_image_Temp.cpp...
compiling image_ApplicationPage_image_wifi.cpp...
compiling image_backlight_off-50x50.cpp...
compiling image_backlight_on-50x50.cpp...
compiling image_beep_50x50.cpp...
compiling image_beep_pressed_50x50.cpp...
compiling image_BigWhite1.cpp...
compiling image_BigWhite2.cpp...
compiling image_BigWhite3.cpp...
compiling image_BeiJing.cpp...
compiling image_BigWhite4.cpp...
compiling image_BigWhite5.cpp...
compiling image_Bird.cpp...
compiling image_Breathe-60x60.cpp...
compiling image_Breathe_pressed-60x60.cpp...
compiling image_Count-60x60.cpp...
compiling image_dc_fan_50x50.cpp...
compiling image_Count_pressed-60x60.cpp...
compiling image_dc_fan__pressed_50x50.cpp...
compiling image_Chip.cpp...
compiling image_gauge_tiny_needles_rough.cpp...
compiling image_gauge_tiny_background.cpp...
compiling image_HeartRate_start_51x47.cpp...
compiling image_humidity_22x28.cpp...
compiling image_light_29x29.cpp...
compiling image_lpbam_off-50x50.cpp...
compiling image_lpbam_on-50x50.cpp...
compiling image_message_50x50.cpp...
compiling image_message_no-50x50.cpp...
compiling image_mute_off-50x50.cpp...
compiling image_mute_on-50x50.cpp...
compiling image_Shu.cpp...
compiling image_MoveInfoBKG.cpp...
compiling image_sport_cycling.cpp...
compiling image_sport_indoor_running.cpp...
compiling image_overlay-240x240.cpp...
compiling image_sport_outdoors_running.cpp...
compiling image_sport_self_training.cpp...
compiling image_sport_swimming.cpp...
compiling image_sport_walk.cpp...
compiling image_SportStop.cpp...
compiling image_SportBegin.cpp...
compiling image_SportSuspend.cpp...
compiling image_Stress-60x60.cpp...
compiling image_stm32u5_tb.cpp...
compiling image_temperature_15x32.cpp...
compiling image_Stress_pressed-60x60.cpp...
compiling image_vibrate_50x50.cpp...
compiling image_vibrate_pressed_50x50.cpp...
compiling image_Tian.cpp...
compiling image_Wang_Da.cpp...
compiling image_Wang_Long.cpp...
compiling image_Tool.cpp...
compiling image_Wang_Qiu.cpp...
compiling image_Wang_Xian.cpp...
compiling image_watchhand_hour.cpp...
compiling image_watchhand_minute.cpp...
compiling image_watchhand_second.cpp...
compiling image_watchface_analog.cpp...
compiling image_water_off-50x50.cpp...
compiling image_watchface_digital_circle.cpp...
compiling image_water_on-50x50.cpp...
compiling image_wifi_rssi_1_signal.cpp...
compiling image_wifi_rssi_2_signal.cpp...
compiling image_wifi_rssi_3_signal.cpp...
compiling image_wifi_rssi_4_signal.cpp...
compiling image_wifi_rssi_no_signal.cpp...
compiling image_wifiLink-38x38.cpp...
compiling image_wifiLink-38x38_pressed.cpp...
compiling image_wifiLink_pressed-37x26.cpp...
compiling Kerning_cambriaz_40_4bpp.cpp...
compiling Kerning_simkai_16_4bpp.cpp...
compiling Kerning_simkai_20_4bpp.cpp...
compiling Kerning_simkai_26_4bpp.cpp...
compiling Kerning_verdana_10_4bpp.cpp...
compiling image_Gemini_Generated_Image_oenrehoenrehoenr.cpp...
compiling Kerning_verdana_20_4bpp.cpp...
compiling LanguageGb.cpp...
compiling SVGDatabase.cpp...
compiling Table_cambriaz_40_4bpp.cpp...
compiling Table_simkai_16_4bpp.cpp...
compiling Table_simkai_20_4bpp.cpp...
compiling MenuScreen1ViewBase.cpp...
compiling Table_simkai_26_4bpp.cpp...
compiling Table_verdana_10_4bpp.cpp...
compiling Table_verdana_20_4bpp.cpp...
compiling Texts.cpp...
compiling TypedTextDatabase.cpp...
compiling UnmappedDataFont.cpp...
assembling Videos.s...
compiling efsm.c...
compiling inv_mpu.c...
compiling efsm_hal.c...
compiling inv_mpu_dmp_motion_driver.c...
compiling algorithm.c...
compiling max30102.c...
linking...
Program Size: Code=220664 RO-data=5784200 RW-data=153796 ZI-data=81916  
FromELF: creating hex file...
"FS-STM32U575-Total\FS-STM32U575-Total.axf" - 0 Error(s), 2 Warning(s).

<h2>Software Packages used:</h2>

Package Vendor: ARM
                http://www.keil.com/pack/ARM.CMSIS.5.9.0.pack
                ARM::CMSIS@5.9.0
                CMSIS (Common Microcontroller Software Interface Standard)
   * Component: CORE Version: 5.6.0

Package Vendor: Keil
                https://www.keil.com/pack/Keil.STM32U5xx_DFP.3.2.0.pack
                Keil::STM32U5xx_DFP@3.2.0
                STMicroelectronics STM32U5 Series Device Support

<h2>Collection of Component include folders:</h2>
  ./RTE/_FS-STM32U575-Total
  D:/UV4/ARM/PACK/ARM/CMSIS/5.9.0/CMSIS/Core/Include

<h2>Collection of Component Files used:</h2>

   * Component: ARM::CMSIS:CORE@5.6.0
      Include file:  CMSIS/Core/Include/tz_context.h
Build Time Elapsed:  00:00:18
</pre>
</body>
</html>
